// Jest Snapshot v1, https://goo.gl/fbAQLP

exports[`App should match the snapshot 1`] = `
<main>
  <h1>
    Galaxy Far Far Away
  </h1>
  <FavR2D2
    checkAvail={[Function]}
    numOfFavs={0}
  />
  <Categories
    checkAvail={[Function]}
  />
  <Movies
    btnClicked={false}
    film={Array []}
  />
  <Route
    exact={true}
    path="/people"
    render={[Function]}
  />
  <Route
    exact={true}
    path="/planets"
    render={[Function]}
  />
  <Route
    exact={true}
    path="/vehicles"
    render={[Function]}
  />
  <Route
    exact={true}
    path="/favorites"
    render={[Function]}
  />
</main>
`;
